V3 33
FL C:/materija/DP-7_2015/FBless_2D_GPU/pcores/fb_less_2d_gpu_periph_v1_00_a/devl/projnav/../../hdl/vhdl/clk_gen_100MHz_a.vhd 2017/06/08.10:30:42 P.68d
AR fb_less_2d_gpu_periph_v1_00_a/clk_gen_100MHz/arch_v1 1496912127 \
      FL C:/materija/DP-7_2015/FBless_2D_GPU/pcores/fb_less_2d_gpu_periph_v1_00_a/devl/projnav/../../hdl/vhdl/clk_gen_100MHz_a.vhd \
      EN fb_less_2d_gpu_periph_v1_00_a/clk_gen_100MHz 1496912120 \
      PB ieee/std_logic_1164 1370735607 LB unisim PH unisim/VCOMPONENTS 1370735613 \
      CP IBUFG CP DCM_SP CP BUFG
FL C:/materija/DP-7_2015/FBless_2D_GPU/pcores/fb_less_2d_gpu_periph_v1_00_a/devl/projnav/../../hdl/vhdl/clk_gen_100MHz_e.vhd 2017/06/08.10:30:42 P.68d
EN fb_less_2d_gpu_periph_v1_00_a/clk_gen_100MHz 1496912120 \
      FL C:/materija/DP-7_2015/FBless_2D_GPU/pcores/fb_less_2d_gpu_periph_v1_00_a/devl/projnav/../../hdl/vhdl/clk_gen_100MHz_e.vhd \
      PB ieee/std_logic_1164 1370735607
FL C:/materija/DP-7_2015/FBless_2D_GPU/pcores/fb_less_2d_gpu_periph_v1_00_a/devl/projnav/../../hdl/vhdl/fb_less_2d_gpu.vhd 2017/06/08.10:54:24 P.68d
EN fb_less_2d_gpu_periph_v1_00_a/fb_less_2d_gpu 1496912122 \
      FL C:/materija/DP-7_2015/FBless_2D_GPU/pcores/fb_less_2d_gpu_periph_v1_00_a/devl/projnav/../../hdl/vhdl/fb_less_2d_gpu.vhd \
      PB ieee/std_logic_1164 1370735607 PB ieee/NUMERIC_STD 1370735611 \
      PB ieee/STD_LOGIC_UNSIGNED 1370735609
AR fb_less_2d_gpu_periph_v1_00_a/fb_less_2d_gpu/Behavioral 1496912123 \
      FL C:/materija/DP-7_2015/FBless_2D_GPU/pcores/fb_less_2d_gpu_periph_v1_00_a/devl/projnav/../../hdl/vhdl/fb_less_2d_gpu.vhd \
      EN fb_less_2d_gpu_periph_v1_00_a/fb_less_2d_gpu 1496912122 CP ram CP reg
FL C:/materija/DP-7_2015/FBless_2D_GPU/pcores/fb_less_2d_gpu_periph_v1_00_a/devl/projnav/../../hdl/vhdl/fb_less_2d_gpu_standalone.vhd 2017/06/08.10:53:53 P.68d
EN fb_less_2d_gpu_periph_v1_00_a/fb_less_2d_gpu_standalone 1496912125 \
      FL C:/materija/DP-7_2015/FBless_2D_GPU/pcores/fb_less_2d_gpu_periph_v1_00_a/devl/projnav/../../hdl/vhdl/fb_less_2d_gpu_standalone.vhd \
      PB ieee/std_logic_1164 1370735607 PB ieee/NUMERIC_STD 1370735611 \
      LB fb_less_2d_gpu_periph_v1_00_a
AR fb_less_2d_gpu_periph_v1_00_a/fb_less_2d_gpu_standalone/IMP 1496912126 \
      FL C:/materija/DP-7_2015/FBless_2D_GPU/pcores/fb_less_2d_gpu_periph_v1_00_a/devl/projnav/../../hdl/vhdl/fb_less_2d_gpu_standalone.vhd \
      EN fb_less_2d_gpu_periph_v1_00_a/fb_less_2d_gpu_standalone 1496912125 \
      CP vga_ctrl CP fb_less_2d_gpu CP clk_gen_100MHz
FL C:/materija/DP-7_2015/FBless_2D_GPU/pcores/fb_less_2d_gpu_periph_v1_00_a/devl/projnav/../../hdl/vhdl/ram.vhd 2017/06/08.10:30:42 P.68d
EN fb_less_2d_gpu_periph_v1_00_a/ram 1496912116 \
      FL C:/materija/DP-7_2015/FBless_2D_GPU/pcores/fb_less_2d_gpu_periph_v1_00_a/devl/projnav/../../hdl/vhdl/ram.vhd \
      PB ieee/std_logic_1164 1370735607 PB ieee/NUMERIC_STD 1370735611
AR fb_less_2d_gpu_periph_v1_00_a/ram/arch 1496912117 \
      FL C:/materija/DP-7_2015/FBless_2D_GPU/pcores/fb_less_2d_gpu_periph_v1_00_a/devl/projnav/../../hdl/vhdl/ram.vhd \
      EN fb_less_2d_gpu_periph_v1_00_a/ram 1496912116
FL C:/materija/DP-7_2015/FBless_2D_GPU/pcores/fb_less_2d_gpu_periph_v1_00_a/devl/projnav/../../hdl/vhdl/vga_ctrl_a.vhd 2017/06/08.10:30:42 P.68d
AR fb_less_2d_gpu_periph_v1_00_a/vga_ctrl/arch_v1 1496912124 \
      FL C:/materija/DP-7_2015/FBless_2D_GPU/pcores/fb_less_2d_gpu_periph_v1_00_a/devl/projnav/../../hdl/vhdl/vga_ctrl_a.vhd \
      EN fb_less_2d_gpu_periph_v1_00_a/vga_ctrl 1496912121 PB ieee/std_logic_1164 1370735607 \
      PB ieee/NUMERIC_STD 1370735611 LB fb_less_2d_gpu_periph_v1_00_a
FL C:/materija/DP-7_2015/FBless_2D_GPU/pcores/fb_less_2d_gpu_periph_v1_00_a/devl/projnav/../../hdl/vhdl/vga_ctrl_e.vhd 2017/06/08.10:30:42 P.68d
EN fb_less_2d_gpu_periph_v1_00_a/vga_ctrl 1496912121 \
      FL C:/materija/DP-7_2015/FBless_2D_GPU/pcores/fb_less_2d_gpu_periph_v1_00_a/devl/projnav/../../hdl/vhdl/vga_ctrl_e.vhd \
      PB ieee/std_logic_1164 1370735607 PB ieee/NUMERIC_STD 1370735611
FL C:/materija/DP-7_2015/FBless_2D_GPU/pcores/fb_less_2d_gpu_periph_v1_00_a/devl/projnav/reg.vhd 2017/06/08.10:30:42 P.68d
EN fb_less_2d_gpu_periph_v1_00_a/reg 1496912118 \
      FL C:/materija/DP-7_2015/FBless_2D_GPU/pcores/fb_less_2d_gpu_periph_v1_00_a/devl/projnav/reg.vhd \
      PB ieee/std_logic_1164 1370735607 PB ieee/std_logic_arith 1370735608
AR fb_less_2d_gpu_periph_v1_00_a/reg/arch_reg 1496912119 \
      FL C:/materija/DP-7_2015/FBless_2D_GPU/pcores/fb_less_2d_gpu_periph_v1_00_a/devl/projnav/reg.vhd \
      EN fb_less_2d_gpu_periph_v1_00_a/reg 1496912118
FL D:/FBless_2D_GPU/pcores/fb_less_2d_gpu_periph_v1_00_a/devl/projnav/../../hdl/vhdl/fb_less_2d_gpu.vhd 2017/05/31.10:44:18 P.68d
FL D:/FBless_2D_GPU/pcores/fb_less_2d_gpu_periph_v1_00_a/devl/projnav/../../hdl/vhdl/ram.vhd 2017/05/23.20:39:13 P.68d
FL D:/Sabac_i_Radenkovic/FBless_2D_GPU/pcores/fb_less_2d_gpu_periph_v1_00_a/devl/projnav/../../hdl/vhdl/fb_less_2d_gpu.vhd 2017/06/01.08:14:35 P.68d
